============================= test session starts =============================
platform win32 -- Python 3.12.6, pytest-9.0.2, pluggy-1.6.0
rootdir: E:\fahru temp\COOL\Inventory-Management-App\backend
plugins: anyio-4.12.1
collected 5 items / 1 error

=================================== ERRORS ====================================
___________________ ERROR collecting tests/test_conftest.py ___________________
ImportError while importing test module 'E:\fahru temp\COOL\Inventory-Management-App\backend\tests\test_conftest.py'.
Hint: make sure your test modules/packages have valid Python names.
Traceback:
C:\Python312\Lib\importlib\__init__.py:90: in import_module
    return _bootstrap._gcd_import(name[level:], package, level)
           ^^^^^^^^^^^^^^^^^^^^^^^^^^^^^^^^^^^^^^^^^^^^^^^^^^^^
tests\test_conftest.py:3: in <module>
    from app.main import app
app\main.py:4: in <module>
    from app.controllers.health_controller import router as health_router
E   ModuleNotFoundError: No module named 'app.controllers.health_controller'
=========================== short test summary info ===========================
ERROR tests/test_conftest.py
!!!!!!!!!!!!!!!!!!! Interrupted: 1 error during collection !!!!!!!!!!!!!!!!!!!!
============================== 1 error in 0.53s ===============================
